194 documents to process (0 already done), 8 worker processes
  [10/194] 19.8s elapsed
  [20/194] 28.4s elapsed
  [30/194] 48.2s elapsed
  [40/194] 63.2s elapsed
  [50/194] 77.1s elapsed
  [60/194] 135.4s elapsed
  [70/194] 173.4s elapsed
  [80/194] 188.2s elapsed
  [90/194] 201.2s elapsed
  [100/194] 216.9s elapsed
  [110/194] 235.9s elapsed
  [120/194] 265.3s elapsed
  [130/194] 293.6s elapsed
  [140/194] 312.4s elapsed
  [150/194] 320.1s elapsed
MuPDF error: format error: cannot find object in xref (2008 0 R)

MuPDF error: format error: cannot find object in xref (2008 0 R)

MuPDF error: format error: cannot find object in xref (2009 0 R)

MuPDF error: format error: cannot find object in xref (2009 0 R)

MuPDF error: format error: cannot find object in xref (2010 0 R)

MuPDF error: format error: cannot find object in xref (2010 0 R)

MuPDF error: format error: cannot find object in xref (2011 0 R)

MuPDF error: format error: cannot find object in xref (2011 0 R)

MuPDF error: format error: cannot find object in xref (2012 0 R)

MuPDF error: format error: cannot find object in xref (2012 0 R)

MuPDF error: format error: cannot find object in xref (2013 0 R)

MuPDF error: format error: cannot find object in xref (2013 0 R)

MuPDF error: format error: cannot find object in xref (2014 0 R)

MuPDF error: format error: cannot find object in xref (2014 0 R)

MuPDF error: format error: cannot find object in xref (2015 0 R)

MuPDF error: format error: cannot find object in xref (2015 0 R)

MuPDF error: format error: cannot find object in xref (2016 0 R)

MuPDF error: format error: cannot find object in xref (2016 0 R)

MuPDF error: format error: cannot find object in xref (2016 0 R)

MuPDF error: format error: cannot find object in xref (2016 0 R)

MuPDF error: format error: cannot find object in xref (2017 0 R)

MuPDF error: format error: cannot find object in xref (2017 0 R)

MuPDF error: format error: cannot find object in xref (2018 0 R)

MuPDF error: format error: cannot find object in xref (2018 0 R)

MuPDF error: format error: cannot find object in xref (2019 0 R)

MuPDF error: format error: cannot find object in xref (2019 0 R)

MuPDF error: format error: cannot find object in xref (2020 0 R)

MuPDF error: format error: cannot find object in xref (2020 0 R)

MuPDF error: format error: cannot find object in xref (2021 0 R)

MuPDF error: format error: cannot find object in xref (2021 0 R)

MuPDF error: format error: cannot find object in xref (2022 0 R)

MuPDF error: format error: cannot find object in xref (2022 0 R)

MuPDF error: format error: cannot find object in xref (2023 0 R)

MuPDF error: format error: cannot find object in xref (2023 0 R)

MuPDF error: format error: cannot find object in xref (2024 0 R)

MuPDF error: format error: cannot find object in xref (2024 0 R)

MuPDF error: format error: cannot find object in xref (2024 0 R)

MuPDF error: format error: cannot find object in xref (2024 0 R)

MuPDF error: format error: cannot find object in xref (2025 0 R)

MuPDF error: format error: cannot find object in xref (2025 0 R)

MuPDF error: format error: cannot find object in xref (2026 0 R)

MuPDF error: format error: cannot find object in xref (2026 0 R)

MuPDF error: format error: cannot find object in xref (2027 0 R)

MuPDF error: format error: cannot find object in xref (2027 0 R)

MuPDF error: format error: cannot find object in xref (2028 0 R)

MuPDF error: format error: cannot find object in xref (2028 0 R)

MuPDF error: format error: cannot find object in xref (2028 0 R)

MuPDF error: format error: cannot find object in xref (2028 0 R)

MuPDF error: syntax error: cannot find XObject resource 'Im55'

MuPDF error: syntax error: cannot find XObject resource 'Im55'

MuPDF error: syntax error: cannot find XObject resource 'Im55'

MuPDF error: syntax error: cannot find XObject resource 'Im190'

MuPDF error: syntax error: cannot find XObject resource 'Im190'

MuPDF error: syntax error: cannot find XObject resource 'Im190'

MuPDF error: format error: cannot find object in xref (2008 0 R)

MuPDF error: format error: cannot find object in xref (2008 0 R)

MuPDF error: format error: cannot find object in xref (2009 0 R)

MuPDF error: format error: cannot find object in xref (2009 0 R)

MuPDF error: format error: cannot find object in xref (2010 0 R)

MuPDF error: format error: cannot find object in xref (2010 0 R)

MuPDF error: format error: cannot find object in xref (2011 0 R)

MuPDF error: format error: cannot find object in xref (2011 0 R)

MuPDF error: format error: cannot find object in xref (2012 0 R)

MuPDF error: format error: cannot find object in xref (2012 0 R)

MuPDF error: format error: cannot find object in xref (2013 0 R)

MuPDF error: format error: cannot find object in xref (2013 0 R)

MuPDF error: format error: cannot find object in xref (2014 0 R)

MuPDF error: format error: cannot find object in xref (2014 0 R)

MuPDF error: format error: cannot find object in xref (2015 0 R)

MuPDF error: format error: cannot find object in xref (2015 0 R)

MuPDF error: format error: cannot find object in xref (2016 0 R)

MuPDF error: format error: cannot find object in xref (2016 0 R)

MuPDF error: format error: cannot find object in xref (2016 0 R)

MuPDF error: format error: cannot find object in xref (2016 0 R)

MuPDF error: format error: cannot find object in xref (2017 0 R)

MuPDF error: format error: cannot find object in xref (2017 0 R)

MuPDF error: format error: cannot find object in xref (2018 0 R)

MuPDF error: format error: cannot find object in xref (2018 0 R)

MuPDF error: format error: cannot find object in xref (2019 0 R)

MuPDF error: format error: cannot find object in xref (2019 0 R)

MuPDF error: format error: cannot find object in xref (2020 0 R)

MuPDF error: format error: cannot find object in xref (2020 0 R)

MuPDF error: format error: cannot find object in xref (2021 0 R)

MuPDF error: format error: cannot find object in xref (2021 0 R)

MuPDF error: format error: cannot find object in xref (2022 0 R)

MuPDF error: format error: cannot find object in xref (2022 0 R)

MuPDF error: format error: cannot find object in xref (2023 0 R)

MuPDF error: format error: cannot find object in xref (2023 0 R)

MuPDF error: format error: cannot find object in xref (2024 0 R)

MuPDF error: format error: cannot find object in xref (2024 0 R)

MuPDF error: format error: cannot find object in xref (2024 0 R)

MuPDF error: format error: cannot find object in xref (2024 0 R)

MuPDF error: format error: cannot find object in xref (2025 0 R)

MuPDF error: format error: cannot find object in xref (2025 0 R)

MuPDF error: format error: cannot find object in xref (2026 0 R)

MuPDF error: format error: cannot find object in xref (2026 0 R)

MuPDF error: format error: cannot find object in xref (2027 0 R)

MuPDF error: format error: cannot find object in xref (2027 0 R)

MuPDF error: format error: cannot find object in xref (2028 0 R)

MuPDF error: format error: cannot find object in xref (2028 0 R)

MuPDF error: format error: cannot find object in xref (2028 0 R)

MuPDF error: format error: cannot find object in xref (2028 0 R)

MuPDF error: syntax error: cannot find XObject resource 'Im55'

MuPDF error: syntax error: cannot find XObject resource 'Im190'

MuPDF error: syntax error: cannot find XObject resource 'Im55'

MuPDF error: syntax error: cannot find XObject resource 'Im190'

  [160/194] 343.6s elapsed
  [170/194] 376.6s elapsed
  [180/194] 419.3s elapsed
MuPDF error: syntax error: cannot find XObject resource 'Im55'

MuPDF error: syntax error: cannot find XObject resource 'Im190'

  [190/194] 432.3s elapsed
  [194/194] 475.0s elapsed
extracted ok=127/194 in 475.6s
