194 documents to process (0 already done), 8 worker processes
  [10/194] 22.3s elapsed
  [20/194] 33.8s elapsed
  [30/194] 58.5s elapsed
  [40/194] 75.5s elapsed
  [50/194] 97.0s elapsed
  [60/194] 164.6s elapsed
  [70/194] 212.7s elapsed
  [80/194] 226.3s elapsed
  [90/194] 239.0s elapsed
  [100/194] 259.4s elapsed
  [110/194] 280.8s elapsed
  [120/194] 319.5s elapsed
  [130/194] 349.0s elapsed
  [140/194] 367.1s elapsed
  [150/194] 374.2s elapsed
MuPDF error: format error: cannot find object in xref (2008 0 R)

MuPDF error: format error: cannot find object in xref (2008 0 R)

MuPDF error: format error: cannot find object in xref (2009 0 R)

MuPDF error: format error: cannot find object in xref (2009 0 R)

MuPDF error: format error: cannot find object in xref (2010 0 R)

MuPDF error: format error: cannot find object in xref (2010 0 R)

MuPDF error: format error: cannot find object in xref (2011 0 R)

MuPDF error: format error: cannot find object in xref (2011 0 R)

MuPDF error: format error: cannot find object in xref (2012 0 R)

MuPDF error: format error: cannot find object in xref (2012 0 R)

MuPDF error: format error: cannot find object in xref (2013 0 R)

MuPDF error: format error: cannot find object in xref (2013 0 R)

MuPDF error: format error: cannot find object in xref (2014 0 R)

MuPDF error: format error: cannot find object in xref (2014 0 R)

MuPDF error: format error: cannot find object in xref (2015 0 R)

MuPDF error: format error: cannot find object in xref (2015 0 R)

MuPDF error: format error: cannot find object in xref (2016 0 R)

MuPDF error: format error: cannot find object in xref (2016 0 R)

MuPDF error: format error: cannot find object in xref (2016 0 R)

MuPDF error: format error: cannot find object in xref (2016 0 R)

MuPDF error: format error: cannot find object in xref (2017 0 R)

MuPDF error: format error: cannot find object in xref (2017 0 R)

MuPDF error: format error: cannot find object in xref (2018 0 R)

MuPDF error: format error: cannot find object in xref (2018 0 R)

MuPDF error: format error: cannot find object in xref (2019 0 R)

MuPDF error: format error: cannot find object in xref (2019 0 R)

MuPDF error: format error: cannot find object in xref (2020 0 R)

MuPDF error: format error: cannot find object in xref (2020 0 R)

MuPDF error: format error: cannot find object in xref (2021 0 R)

MuPDF error: format error: cannot find object in xref (2021 0 R)

MuPDF error: format error: cannot find object in xref (2022 0 R)

MuPDF error: format error: cannot find object in xref (2022 0 R)

MuPDF error: format error: cannot find object in xref (2023 0 R)

MuPDF error: format error: cannot find object in xref (2023 0 R)

MuPDF error: format error: cannot find object in xref (2024 0 R)

MuPDF error: format error: cannot find object in xref (2024 0 R)

MuPDF error: format error: cannot find object in xref (2024 0 R)

MuPDF error: format error: cannot find object in xref (2024 0 R)

MuPDF error: format error: cannot find object in xref (2025 0 R)

MuPDF error: format error: cannot find object in xref (2025 0 R)

MuPDF error: format error: cannot find object in xref (2026 0 R)

MuPDF error: format error: cannot find object in xref (2026 0 R)

MuPDF error: format error: cannot find object in xref (2027 0 R)

MuPDF error: format error: cannot find object in xref (2027 0 R)

MuPDF error: format error: cannot find object in xref (2028 0 R)

MuPDF error: format error: cannot find object in xref (2028 0 R)

MuPDF error: format error: cannot find object in xref (2028 0 R)

MuPDF error: format error: cannot find object in xref (2028 0 R)

MuPDF error: syntax error: cannot find XObject resource 'Im55'

MuPDF error: syntax error: cannot find XObject resource 'Im55'

MuPDF error: syntax error: cannot find XObject resource 'Im55'

MuPDF error: syntax error: cannot find XObject resource 'Im190'

MuPDF error: syntax error: cannot find XObject resource 'Im190'

MuPDF error: syntax error: cannot find XObject resource 'Im190'

MuPDF error: format error: cannot find object in xref (2008 0 R)

MuPDF error: format error: cannot find object in xref (2008 0 R)

MuPDF error: format error: cannot find object in xref (2009 0 R)

MuPDF error: format error: cannot find object in xref (2009 0 R)

MuPDF error: format error: cannot find object in xref (2010 0 R)

MuPDF error: format error: cannot find object in xref (2010 0 R)

MuPDF error: format error: cannot find object in xref (2011 0 R)

MuPDF error: format error: cannot find object in xref (2011 0 R)

MuPDF error: format error: cannot find object in xref (2012 0 R)

MuPDF error: format error: cannot find object in xref (2012 0 R)

MuPDF error: format error: cannot find object in xref (2013 0 R)

MuPDF error: format error: cannot find object in xref (2013 0 R)

MuPDF error: format error: cannot find object in xref (2014 0 R)

MuPDF error: format error: cannot find object in xref (2014 0 R)

MuPDF error: format error: cannot find object in xref (2015 0 R)

MuPDF error: format error: cannot find object in xref (2015 0 R)

MuPDF error: format error: cannot find object in xref (2016 0 R)

MuPDF error: format error: cannot find object in xref (2016 0 R)

MuPDF error: format error: cannot find object in xref (2016 0 R)

MuPDF error: format error: cannot find object in xref (2016 0 R)

MuPDF error: format error: cannot find object in xref (2017 0 R)

MuPDF error: format error: cannot find object in xref (2017 0 R)

MuPDF error: format error: cannot find object in xref (2018 0 R)

MuPDF error: format error: cannot find object in xref (2018 0 R)

MuPDF error: format error: cannot find object in xref (2019 0 R)

MuPDF error: format error: cannot find object in xref (2019 0 R)

MuPDF error: format error: cannot find object in xref (2020 0 R)

MuPDF error: format error: cannot find object in xref (2020 0 R)

MuPDF error: format error: cannot find object in xref (2021 0 R)

MuPDF error: format error: cannot find object in xref (2021 0 R)

MuPDF error: format error: cannot find object in xref (2022 0 R)

MuPDF error: format error: cannot find object in xref (2022 0 R)

MuPDF error: format error: cannot find object in xref (2023 0 R)

MuPDF error: format error: cannot find object in xref (2023 0 R)

MuPDF error: format error: cannot find object in xref (2024 0 R)

MuPDF error: format error: cannot find object in xref (2024 0 R)

MuPDF error: format error: cannot find object in xref (2024 0 R)

MuPDF error: format error: cannot find object in xref (2024 0 R)

MuPDF error: format error: cannot find object in xref (2025 0 R)

MuPDF error: format error: cannot find object in xref (2025 0 R)

MuPDF error: format error: cannot find object in xref (2026 0 R)

MuPDF error: format error: cannot find object in xref (2026 0 R)

MuPDF error: format error: cannot find object in xref (2027 0 R)

MuPDF error: format error: cannot find object in xref (2027 0 R)

MuPDF error: format error: cannot find object in xref (2028 0 R)

MuPDF error: format error: cannot find object in xref (2028 0 R)

MuPDF error: format error: cannot find object in xref (2028 0 R)

MuPDF error: format error: cannot find object in xref (2028 0 R)

MuPDF error: syntax error: cannot find XObject resource 'Im55'

MuPDF error: syntax error: cannot find XObject resource 'Im190'

MuPDF error: syntax error: cannot find XObject resource 'Im55'

MuPDF error: syntax error: cannot find XObject resource 'Im190'

  [160/194] 401.3s elapsed
  [170/194] 439.7s elapsed
  [180/194] 482.6s elapsed
MuPDF error: syntax error: cannot find XObject resource 'Im55'

MuPDF error: syntax error: cannot find XObject resource 'Im190'

  [190/194] 497.0s elapsed
  [194/194] 524.4s elapsed
extracted ok=127/194 in 525.0s
